// Jest Snapshot v1, https://goo.gl/fbAQLP

exports[`HomeOffice should match snapshot 1`] = `
<DocumentFragment>
  <div
    class="home-office-container"
  >
    <div
      class="home-office"
    >
      <div
        class="home-office-text"
      >
        <span
          class="home-office-title"
          data-testid="page-title"
        >
          Home Office
        </span>
        Lorem ipsum dolor sit amet, consectetur adipiscing elit, sed do eiusmod tempor incididunt ut labore et dolore magna aliqua. Ut enim ad minim veniam, quis nostrud exercitation ullamco laboris nisi ut aliquip ex ea commodo consequat. Duis aute irure dolor in reprehenderit in voluptate velit esse cillum dolore eu fugiat nulla pariatur. Excepteur sint occaecat cupidatat non proident, sunt in culpa qui officia deserunt mollit anim id est laborum.
        <span
          class="read-more"
        >
          <a
            href="/shop-all-home-office"
          >
            Shop All
          </a>
        </span>
      </div>
      <div
        class="home-office-image"
      >
        <img
          alt="Home Office"
          src="homeoffice.svg"
        />
      </div>
    </div>
  </div>
</DocumentFragment>
`;
